// Jest Snapshot v1, https://goo.gl/fbAQLP

exports[`default setup 1`] = `
Object {
  "Resources": Object {
    "DummyWebsiteBucket4BEF8CBE": Object {
      "DeletionPolicy": "Retain",
      "Type": "AWS::S3::Bucket",
      "UpdateReplacePolicy": "Retain",
    },
    "HostedZoneDB99F866": Object {
      "Properties": Object {
        "Name": "example.com.",
      },
      "Type": "AWS::Route53::HostedZone",
    },
    "WebSiteDistributionCFDistributionFAD03684": Object {
      "Properties": Object {
        "DistributionConfig": Object {
          "CacheBehaviors": Array [],
          "DefaultCacheBehavior": Object {
            "AllowedMethods": Array [
              "GET",
              "HEAD",
            ],
            "CachedMethods": Array [
              "GET",
              "HEAD",
            ],
            "ForwardedValues": Object {
              "Cookies": Object {
                "Forward": "none",
              },
              "QueryString": false,
            },
            "TargetOriginId": "origin1",
            "ViewerProtocolPolicy": "redirect-to-https",
          },
          "DefaultRootObject": "index.html",
          "Enabled": true,
          "HttpVersion": "http2",
          "IPV6Enabled": true,
          "Origins": Array [
            Object {
              "DomainName": Object {
                "Fn::GetAtt": Array [
                  "DummyWebsiteBucket4BEF8CBE",
                  "RegionalDomainName",
                ],
              },
              "Id": "origin1",
              "S3OriginConfig": Object {},
            },
          ],
          "PriceClass": "PriceClass_100",
          "ViewerCertificate": Object {
            "CloudFrontDefaultCertificate": true,
          },
        },
      },
      "Type": "AWS::CloudFront::Distribution",
    },
    "WebsiteAliasRecordWebsiteAliasRecord04277EB1F": Object {
      "Properties": Object {
        "AliasTarget": Object {
          "DNSName": Object {
            "Fn::GetAtt": Array [
              "WebSiteDistributionCFDistributionFAD03684",
              "DomainName",
            ],
          },
          "HostedZoneId": "Z2FDTNDATAQYW2",
        },
        "HostedZoneId": Object {
          "Ref": "HostedZoneDB99F866",
        },
        "Name": "www.example.com.",
        "Type": "A",
      },
      "Type": "AWS::Route53::RecordSet",
    },
    "WebsiteAliasRecordWebsiteAliasRecord16ED9533E": Object {
      "Properties": Object {
        "AliasTarget": Object {
          "DNSName": Object {
            "Fn::GetAtt": Array [
              "WebSiteDistributionCFDistributionFAD03684",
              "DomainName",
            ],
          },
          "HostedZoneId": "Z2FDTNDATAQYW2",
        },
        "HostedZoneId": Object {
          "Ref": "HostedZoneDB99F866",
        },
        "Name": "example.com.",
        "Type": "A",
      },
      "Type": "AWS::Route53::RecordSet",
    },
  },
}
`;
