// Jest Snapshot v1, https://goo.gl/fbAQLP

exports[`default setup 1`] = `
Object {
  "Parameters": Object {
    "CustomCDKBucketDeployment8693BB64968944B69AAFB0CC9EB8756CCodeArtifactHashEF37AD24": Object {
      "Description": "Artifact hash for asset \\"Custom::CDKBucketDeployment8693BB64968944B69AAFB0CC9EB8756C/Code\\"",
      "Type": "String",
    },
    "CustomCDKBucketDeployment8693BB64968944B69AAFB0CC9EB8756CCodeS3Bucket6E5FB2B7": Object {
      "Description": "S3 bucket for asset \\"Custom::CDKBucketDeployment8693BB64968944B69AAFB0CC9EB8756C/Code\\"",
      "Type": "String",
    },
    "CustomCDKBucketDeployment8693BB64968944B69AAFB0CC9EB8756CCodeS3VersionKey426156C0": Object {
      "Description": "S3 key for asset version \\"Custom::CDKBucketDeployment8693BB64968944B69AAFB0CC9EB8756C/Code\\"",
      "Type": "String",
    },
    "WebsiteBucketWebsiteDeploymentAssetArtifactHash1AE93F30": Object {
      "Description": "Artifact hash for asset \\"WebsiteBucket/WebsiteDeployment/Asset\\"",
      "Type": "String",
    },
    "WebsiteBucketWebsiteDeploymentAssetS3Bucket3EDF212F": Object {
      "Description": "S3 bucket for asset \\"WebsiteBucket/WebsiteDeployment/Asset\\"",
      "Type": "String",
    },
    "WebsiteBucketWebsiteDeploymentAssetS3VersionKeyE3EF37B7": Object {
      "Description": "S3 key for asset version \\"WebsiteBucket/WebsiteDeployment/Asset\\"",
      "Type": "String",
    },
  },
  "Resources": Object {
    "CustomCDKBucketDeployment8693BB64968944B69AAFB0CC9EB8756C81C01536": Object {
      "DependsOn": Array [
        "CustomCDKBucketDeployment8693BB64968944B69AAFB0CC9EB8756CServiceRoleDefaultPolicy88902FDF",
        "CustomCDKBucketDeployment8693BB64968944B69AAFB0CC9EB8756CServiceRole89A01265",
      ],
      "Properties": Object {
        "Code": Object {
          "S3Bucket": Object {
            "Ref": "CustomCDKBucketDeployment8693BB64968944B69AAFB0CC9EB8756CCodeS3Bucket6E5FB2B7",
          },
          "S3Key": Object {
            "Fn::Join": Array [
              "",
              Array [
                Object {
                  "Fn::Select": Array [
                    0,
                    Object {
                      "Fn::Split": Array [
                        "||",
                        Object {
                          "Ref": "CustomCDKBucketDeployment8693BB64968944B69AAFB0CC9EB8756CCodeS3VersionKey426156C0",
                        },
                      ],
                    },
                  ],
                },
                Object {
                  "Fn::Select": Array [
                    1,
                    Object {
                      "Fn::Split": Array [
                        "||",
                        Object {
                          "Ref": "CustomCDKBucketDeployment8693BB64968944B69AAFB0CC9EB8756CCodeS3VersionKey426156C0",
                        },
                      ],
                    },
                  ],
                },
              ],
            ],
          },
        },
        "Handler": "index.handler",
        "Role": Object {
          "Fn::GetAtt": Array [
            "CustomCDKBucketDeployment8693BB64968944B69AAFB0CC9EB8756CServiceRole89A01265",
            "Arn",
          ],
        },
        "Runtime": "python3.6",
        "Timeout": 900,
      },
      "Type": "AWS::Lambda::Function",
    },
    "CustomCDKBucketDeployment8693BB64968944B69AAFB0CC9EB8756CServiceRole89A01265": Object {
      "Properties": Object {
        "AssumeRolePolicyDocument": Object {
          "Statement": Array [
            Object {
              "Action": "sts:AssumeRole",
              "Effect": "Allow",
              "Principal": Object {
                "Service": Object {
                  "Fn::Join": Array [
                    "",
                    Array [
                      "lambda.",
                      Object {
                        "Ref": "AWS::URLSuffix",
                      },
                    ],
                  ],
                },
              },
            },
          ],
          "Version": "2012-10-17",
        },
        "ManagedPolicyArns": Array [
          Object {
            "Fn::Join": Array [
              "",
              Array [
                "arn:",
                Object {
                  "Ref": "AWS::Partition",
                },
                ":iam::aws:policy/service-role/AWSLambdaBasicExecutionRole",
              ],
            ],
          },
        ],
      },
      "Type": "AWS::IAM::Role",
    },
    "CustomCDKBucketDeployment8693BB64968944B69AAFB0CC9EB8756CServiceRoleDefaultPolicy88902FDF": Object {
      "Properties": Object {
        "PolicyDocument": Object {
          "Statement": Array [
            Object {
              "Action": Array [
                "s3:GetObject*",
                "s3:GetBucket*",
                "s3:List*",
              ],
              "Effect": "Allow",
              "Resource": Array [
                Object {
                  "Fn::Join": Array [
                    "",
                    Array [
                      "arn:",
                      Object {
                        "Ref": "AWS::Partition",
                      },
                      ":s3:::",
                      Object {
                        "Ref": "WebsiteBucketWebsiteDeploymentAssetS3Bucket3EDF212F",
                      },
                    ],
                  ],
                },
                Object {
                  "Fn::Join": Array [
                    "",
                    Array [
                      "arn:",
                      Object {
                        "Ref": "AWS::Partition",
                      },
                      ":s3:::",
                      Object {
                        "Ref": "WebsiteBucketWebsiteDeploymentAssetS3Bucket3EDF212F",
                      },
                      "/*",
                    ],
                  ],
                },
              ],
            },
            Object {
              "Action": Array [
                "s3:GetObject*",
                "s3:GetBucket*",
                "s3:List*",
                "s3:DeleteObject*",
                "s3:PutObject*",
                "s3:Abort*",
              ],
              "Effect": "Allow",
              "Resource": Array [
                Object {
                  "Fn::GetAtt": Array [
                    "WebsiteBucket3C288C20",
                    "Arn",
                  ],
                },
                Object {
                  "Fn::Join": Array [
                    "",
                    Array [
                      Object {
                        "Fn::GetAtt": Array [
                          "WebsiteBucket3C288C20",
                          "Arn",
                        ],
                      },
                      "/*",
                    ],
                  ],
                },
              ],
            },
          ],
          "Version": "2012-10-17",
        },
        "PolicyName": "CustomCDKBucketDeployment8693BB64968944B69AAFB0CC9EB8756CServiceRoleDefaultPolicy88902FDF",
        "Roles": Array [
          Object {
            "Ref": "CustomCDKBucketDeployment8693BB64968944B69AAFB0CC9EB8756CServiceRole89A01265",
          },
        ],
      },
      "Type": "AWS::IAM::Policy",
    },
    "WebsiteBucket3C288C20": Object {
      "DeletionPolicy": "Retain",
      "Properties": Object {
        "WebsiteConfiguration": Object {
          "ErrorDocument": "error.html",
          "IndexDocument": "index.html",
        },
      },
      "Type": "AWS::S3::Bucket",
      "UpdateReplacePolicy": "Retain",
    },
    "WebsiteBucketOriginAccessIdentity2FD53DC0": Object {
      "Properties": Object {
        "CloudFrontOriginAccessIdentityConfig": Object {
          "Comment": Object {
            "Fn::Join": Array [
              "",
              Array [
                "CloudFront OriginAccessIdentity for ",
                Object {
                  "Ref": "WebsiteBucket3C288C20",
                },
              ],
            ],
          },
        },
      },
      "Type": "AWS::CloudFront::CloudFrontOriginAccessIdentity",
    },
    "WebsiteBucketPolicy65FBF6CB": Object {
      "Properties": Object {
        "Bucket": Object {
          "Ref": "WebsiteBucket3C288C20",
        },
        "PolicyDocument": Object {
          "Statement": Array [
            Object {
              "Action": Array [
                "s3:GetObject*",
                "s3:GetBucket*",
                "s3:List*",
              ],
              "Effect": "Allow",
              "Principal": Object {
                "CanonicalUser": Object {
                  "Fn::GetAtt": Array [
                    "WebsiteBucketOriginAccessIdentity2FD53DC0",
                    "S3CanonicalUserId",
                  ],
                },
              },
              "Resource": Array [
                Object {
                  "Fn::GetAtt": Array [
                    "WebsiteBucket3C288C20",
                    "Arn",
                  ],
                },
                Object {
                  "Fn::Join": Array [
                    "",
                    Array [
                      Object {
                        "Fn::GetAtt": Array [
                          "WebsiteBucket3C288C20",
                          "Arn",
                        ],
                      },
                      "/*",
                    ],
                  ],
                },
              ],
            },
          ],
          "Version": "2012-10-17",
        },
      },
      "Type": "AWS::S3::BucketPolicy",
    },
    "WebsiteBucketWebsiteDeploymentCustomResource2C0EDE25": Object {
      "DeletionPolicy": "Delete",
      "Properties": Object {
        "DestinationBucketName": Object {
          "Ref": "WebsiteBucket3C288C20",
        },
        "RetainOnDelete": true,
        "ServiceToken": Object {
          "Fn::GetAtt": Array [
            "CustomCDKBucketDeployment8693BB64968944B69AAFB0CC9EB8756C81C01536",
            "Arn",
          ],
        },
        "SourceBucketName": Object {
          "Ref": "WebsiteBucketWebsiteDeploymentAssetS3Bucket3EDF212F",
        },
        "SourceObjectKey": Object {
          "Fn::Join": Array [
            "",
            Array [
              Object {
                "Fn::Select": Array [
                  0,
                  Object {
                    "Fn::Split": Array [
                      "||",
                      Object {
                        "Ref": "WebsiteBucketWebsiteDeploymentAssetS3VersionKeyE3EF37B7",
                      },
                    ],
                  },
                ],
              },
              Object {
                "Fn::Select": Array [
                  1,
                  Object {
                    "Fn::Split": Array [
                      "||",
                      Object {
                        "Ref": "WebsiteBucketWebsiteDeploymentAssetS3VersionKeyE3EF37B7",
                      },
                    ],
                  },
                ],
              },
            ],
          ],
        },
      },
      "Type": "Custom::CDKBucketDeployment",
      "UpdateReplacePolicy": "Delete",
    },
  },
}
`;
